[07:16:08] [main/INFO]: Loading Minecraft 26.1.2 with Fabric Loader 0.19.2
[07:16:08] [main/INFO]: Mappings not present!
[07:16:09] [ForkJoinPool-1-worker-1/WARN]: Mod dev_isxander_libsdl4j uses the version 3.2.18.release-3.2.18-79 which isn't compatible with Loader's extended semantic version format (Could not parse version number component 'release'!), SemVer is recommended for reliably evaluating dependencies and prioritizing newer version
[07:16:09] [main/INFO]: Loading 85 mods:
	- cloth-config 26.1.154
	   \-- cloth-basic-math 0.6.1
	- collective 8.32
	- config_manager 1.1.2
	- controlify 3.0.1+26.1-fabric
	   |-- dev_isxander_libsdl4j 3.2.18.release-3.2.18-79
	   |-- dev_isxander_steamdeck4j 1.1.7
	   \-- org_hid4java_hid4java 0.8.0
	- crash_assistant 1.11.9
	- debugify 26.1.2.2
	- entityculling 1.10.2
	   |-- transition 1.0.19
	   \-- trender 1.0.13
	- fabric-api 0.151.0+26.1.2
	   |-- fabric-api-base 2.0.3+ece063234c
	   |-- fabric-api-lookup-api-v1 2.0.11+d5a053b64c
	   |-- fabric-biome-api-v1 18.0.5+2fa62b4e4c
	   |-- fabric-block-api-v1 3.0.2+ec56b6014c
	   |-- fabric-block-getter-api-v2 2.0.6+ec56b6014c
	   |-- fabric-command-api-v2 3.0.5+e2bdee784c
	   |-- fabric-content-registries-v0 11.2.0+76b0b6bb4c
	   |-- fabric-convention-tags-v2 4.6.1+4f11f7994c
	   |-- fabric-crash-report-info-v1 1.0.3+9f78a5a84c
	   |-- fabric-creative-tab-api-v1 5.0.11+d871b99e4c
	   |-- fabric-data-attachment-api-v1 2.2.8+44a0bd1d4c
	   |-- fabric-data-generation-api-v1 24.3.0+83dd0ba34c
	   |-- fabric-debug-api-v1 1.0.1+c792624d4c
	   |-- fabric-dimensions-v1 5.1.5+9cbf5da54c
	   |-- fabric-entity-events-v1 5.0.2+e2bdee784c
	   |-- fabric-events-interaction-v0 5.2.2+07b380be4c
	   |-- fabric-game-rule-api-v1 4.0.5+d871b99e4c
	   |-- fabric-item-api-v1 14.1.2+73d134684c
	   |-- fabric-key-mapping-api-v1 2.0.4+e2bdee784c
	   |-- fabric-lifecycle-events-v1 4.1.0+6d50a0854c
	   |-- fabric-loot-api-v3 3.0.12+00a1fba64c
	   |-- fabric-menu-api-v1 2.0.14+d871b99e4c
	   |-- fabric-message-api-v1 7.0.5+dae8ce3e4c
	   |-- fabric-model-loading-api-v1 8.0.7+c80601bb4c
	   |-- fabric-networking-api-v1 6.3.1+554860db4c
	   |-- fabric-object-builder-api-v1 23.0.17+b95dd56e4c
	   |-- fabric-particles-v1 5.0.15+b61fef434c
	   |-- fabric-permission-api-v1 1.0.1+c3369b134c
	   |-- fabric-recipe-api-v1 9.0.15+be4b75ae4c
	   |-- fabric-registry-sync-v0 7.1.0+2fa62b4e4c
	   |-- fabric-renderer-api-v1 13.0.4+c80601bb4c
	   |-- fabric-renderer-indigo 8.1.1+1403e82c4c
	   |-- fabric-rendering-fluids-v1 6.0.1+d871b99e4c
	   |-- fabric-rendering-v1 23.1.1+1403e82c4c
	   |-- fabric-resource-conditions-api-v1 6.1.0+83dd0ba34c
	   |-- fabric-resource-loader-v0 3.3.17+4fc5413f4c
	   |-- fabric-resource-loader-v1 2.0.10+7c44c7324c
	   |-- fabric-screen-api-v1 5.0.1+d871b99e4c
	   |-- fabric-serialization-api-v1 2.0.3+11a26f314c
	   |-- fabric-sound-api-v1 2.0.4+11a26f314c
	   |-- fabric-tag-api-v1 2.1.1+371cf5db4c
	   |-- fabric-transfer-api-v1 8.0.5+357ea7334c
	   \-- fabric-transitive-access-wideners-v1 8.1.1+7f80f93d4c
	- fabric-language-kotlin 1.13.12+kotlin.2.4.0
	   |-- org_jetbrains_kotlin_kotlin-reflect 2.4.0
	   |-- org_jetbrains_kotlin_kotlin-stdlib 2.4.0
	   |-- org_jetbrains_kotlin_kotlin-stdlib-jdk7 2.4.0
	   |-- org_jetbrains_kotlin_kotlin-stdlib-jdk8 2.4.0
	   |-- org_jetbrains_kotlinx_atomicfu-jvm 0.33.0
	   |-- org_jetbrains_kotlinx_kotlinx-coroutines-core-jvm 1.11.0
	   |-- org_jetbrains_kotlinx_kotlinx-coroutines-jdk8 1.11.0
	   |-- org_jetbrains_kotlinx_kotlinx-datetime-jvm 0.8.0
	   |-- org_jetbrains_kotlinx_kotlinx-io-bytestring-jvm 0.9.0
	   |-- org_jetbrains_kotlinx_kotlinx-io-core-jvm 0.9.0
	   |-- org_jetbrains_kotlinx_kotlinx-serialization-cbor-jvm 1.11.0
	   |-- org_jetbrains_kotlinx_kotlinx-serialization-core-jvm 1.11.0
	   \-- org_jetbrains_kotlinx_kotlinx-serialization-json-jvm 1.11.0
	- fabricloader 0.19.2
	   \-- mixinextras 0.5.4
	- ferritecore 9.0.0
	- forgeconfigapiport 26.1.5
	   |-- com_electronwill_night-config_core 3.8.3
	   \-- com_electronwill_night-config_toml 3.8.3
	- java 25
	- lithium 0.24.5+mc26.1.2
	- minecraft 26.1.2
	- mr_ore_veinminer 26.1
	- nochatreports 26.1-v2.19.0
	- treeharvester 9.4
	- yet_another_config_lib_v3 3.9.4+26.1-fabric
	   |-- com_twelvemonkeys_common_common-image 3.12.0
	   |-- com_twelvemonkeys_common_common-io 3.12.0
	   |-- com_twelvemonkeys_common_common-lang 3.12.0
	   |-- com_twelvemonkeys_imageio_imageio-core 3.12.0
	   |-- com_twelvemonkeys_imageio_imageio-metadata 3.12.0
	   |-- com_twelvemonkeys_imageio_imageio-webp 3.12.0
	   |-- org_quiltmc_parsers_gson 0.2.1
	   \-- org_quiltmc_parsers_json 0.2.1
[07:16:09] [main/INFO]: No flag found, running a usual copy
[07:16:09] [main/WARN]: launchTarget: SERVER. Crash Assistant is client only mod. Mod will do nothing!
[07:16:09] [main/INFO]: SpongePowered MIXIN Subsystem Version=0.8.7 Source=file:/workspaces/cautious-meme/servidor_minecraft/libraries/net/fabricmc/sponge-mixin/0.17.2+mixin.0.8.7/sponge-mixin-0.17.2+mixin.0.8.7.jar Service=Knot/Fabric Env=SERVER
[07:16:09] [main/INFO]: Compatibility level set to JAVA_25
[07:16:09] [main/WARN]: Reference map 'entityculling.refmap.mixins.json' for entityculling.mixins.json could not be read. If this is a development environment you can ignore this message
[07:16:09] [main/INFO]: Loaded configuration file for Lithium: 171 options available, 0 override(s) found.
[07:16:09] [main/WARN]: Reference map 'nochatreports.refmap.json' for mixins/common/nochatreports.mixins.json could not be read. If this is a development environment you can ignore this message
[07:16:09] [main/WARN]: Reference map 'yet_another_config_lib_v3.refmap.json' for yacl.mixins.json could not be read. If this is a development environment you can ignore this message
[07:16:09] [main/WARN]: Reference map 'yet_another_config_lib_v3.refmap.json' for yacl-fabric.mixins.json could not be read. If this is a development environment you can ignore this message
[07:16:10] [main/INFO]: Initializing MixinExtras via com.llamalad7.mixinextras.service.MixinExtrasServiceImpl(version=0.5.4).
[07:16:19] [main/INFO]: Loading Collective version 8.32.
[07:16:19] [main/INFO]: Enabled 58 bug fixes: [MC-7569, MC-8187, MC-30391, MC-44654, MC-82263, MC-84661, MC-88371, MC-89146, MC-93018, MC-94054, MC-100991, MC-119754, MC-121706, MC-121903, MC-123450, MC-129909, MC-131562, MC-132878, MC-133218, MC-134110, MC-136249, MC-139041, MC-147659, MC-153010, MC-155509, MC-158900, MC-159283, MC-160095, MC-168573, MC-170462, MC-176806, MC-177381, MC-179072, MC-183990, MC-187100, MC-200418, MC-201374, MC-202637, MC-206922, MC-215530, MC-221257, MC-223153, MC-224729, MC-226961, MC-227008, MC-227337, MC-231743, MC-232869, MC-245394, MC-263999, MC-264285, MC-264979, MC-267125, MC-268617, MC-271899, MC-272431, MC-297837, MC-298066]
[07:16:19] [main/INFO]: Successfully Debugify'd your game!
[07:16:19] [main/INFO]: Deserializing ControlifyServerConfig from './config/controlify.json'
[07:16:19] [main/INFO]: Serializing class dev.isxander.controlify.server.ControlifyServerConfig to './config/controlify.json'
[07:16:19] [main/INFO]: Reach-around policy: true
[07:16:19] [main/INFO]: No-fly drift policy: true
[07:16:19] [main/INFO]: Enforce keyboard-like movement: false
[07:16:19] [main/INFO]: Environment: Environment[sessionHost=https://sessionserver.mojang.com, servicesHost=https://api.minecraftservices.com, profilesHost=https://api.mojang.com, name=PROD]
[07:16:22] [main/INFO]: Loaded 1515 recipes
[07:16:22] [main/INFO]: Loaded 1617 advancements
[07:16:22] [main/INFO]: Applied 0 biome modifications to 0 of 65 new biomes in 1.669 ms
[07:16:22] [Server thread/INFO]: Starting minecraft server version 26.1.2
[07:16:22] [Server thread/INFO]: Loading properties
[07:16:22] [Server thread/INFO]: Default game type: SURVIVAL
[07:16:22] [Server thread/INFO]: Generating keypair
[07:16:22] [Server thread/INFO]: Starting Minecraft server on *:25565
[07:16:22] [Server thread/WARN]: **** SERVER IS RUNNING IN OFFLINE/INSECURE MODE!
[07:16:22] [Server thread/WARN]: The server will make no attempt to authenticate usernames. Beware.
[07:16:22] [Server thread/WARN]: While this makes the game possible to play without internet access, it also opens up the ability for hackers to connect with any username they choose.
[07:16:22] [Server thread/WARN]: To change this, set "online-mode" to "true" in the server.properties file.
[07:16:23] [Server thread/INFO]: Preparing level "world"
[07:16:24] [Server thread/INFO]: Loading 0 persistent chunks...
[07:16:24] [Server thread/INFO]: Preparing spawn area: 100%
[07:16:24] [Server thread/INFO]: Time elapsed: 131 ms
[07:16:24] [Server thread/INFO]: Done (1.260s)! For help, type "help"
[07:16:24] [Server thread/INFO]: Saving chunks for level 'ServerLevel[world]'/minecraft:overworld
[07:16:24] [Server thread/INFO]: Saving chunks for level 'ServerLevel[world]'/minecraft:the_end
[07:16:24] [Server thread/INFO]: Saving chunks for level 'ServerLevel[world]'/minecraft:the_nether
[07:16:24] [Server thread/INFO]: ThreadedAnvilChunkStorage (world): All chunks are saved
[07:16:24] [Server thread/INFO]: ThreadedAnvilChunkStorage (DIM1): All chunks are saved
[07:16:24] [Server thread/INFO]: ThreadedAnvilChunkStorage (DIM-1): All chunks are saved
[07:16:24] [Server thread/INFO]: ThreadedAnvilChunkStorage: All dimensions are saved
[07:16:32] [Server thread/INFO]: Flo4zy[/100.77.180.95:61326] logged in with entity id 8 at (-5.5, 69.0, 6.5)
[07:16:32] [Server thread/INFO]: Flo4zy joined the game
[07:19:23] [Server thread/INFO]: Flo4zy has made the advancement [Stone Age]
[07:19:53] [Server thread/INFO]: Flo4zy has made the advancement [Getting an Upgrade]
[07:20:19] [Server thread/INFO]: ThomasitoPro[/100.92.50.41:60345] logged in with entity id 1144 at (5.5, 67.0, 2.5)
[07:20:19] [Server thread/INFO]: ThomasitoPro joined the game
[07:20:29] [Server thread/INFO]: Made Flo4zy a server operator
[07:21:28] [Server thread/INFO]: ThomasitoPro has made the advancement [Stone Age]
[07:22:35] [Server thread/INFO]: ThomasitoPro has made the advancement [Getting an Upgrade]
[07:25:26] [Server thread/INFO]: Flo4zy has made the advancement [Sweet Dreams]
[07:25:50] [Server thread/INFO]: ThomasitoPro has made the advancement [Sweet Dreams]
[07:25:53] [Server thread/INFO]: <ThomasitoPro> wwwwwwwwwwwww
[07:25:55] [Server thread/INFO]: <Flo4zy> wwwwwwwwww
[07:26:54] [Server thread/INFO]: Flo4zy has made the advancement [Acquire Hardware]
[07:29:58] [Server thread/INFO]: Flo4zy has made the advancement [Monster Hunter]
[07:31:27] [Server thread/INFO]: Flo4zy has made the advancement [Not Today, Thank You]
[07:33:07] [Server thread/INFO]: ThomasitoPro has made the advancement [Monster Hunter]
[07:34:48] [Server thread/INFO]: Flo4zy has made the advancement [Isn't It Iron Pick]
[07:34:55] [Server thread/INFO]: ThomasitoPro has made the advancement [Acquire Hardware]
[07:35:23] [Server thread/INFO]: ThomasitoPro has made the advancement [Suit Up]
[07:35:47] [Server thread/INFO]: Flo4zy has made the advancement [Suit Up]
[07:38:22] [Server thread/INFO]: ThomasitoPro has made the advancement [Isn't It Iron Pick]
[07:39:37] [Server thread/INFO]: ThomasitoPro has made the advancement [Hot Stuff]
[07:41:16] [Server thread/INFO]: Flo4zy has made the advancement [Diamonds!]
[07:41:40] [Server thread/INFO]: ThomasitoPro has made the advancement [Diamonds!]
[07:44:55] [Server thread/INFO]: [Flo4zy: Set own game mode to Spectator Mode]
[07:45:01] [Server thread/INFO]: [Flo4zy: Set own game mode to Survival Mode]
[07:46:54] [Server thread/INFO]: Flo4zy has made the advancement [Cover Me with Diamonds]
[07:46:56] [Server thread/INFO]: ThomasitoPro has made the advancement [Cover Me with Diamonds]
[07:53:56] [Server thread/INFO]: [Flo4zy: Set own game mode to Spectator Mode]
[07:53:58] [Server thread/INFO]: [Flo4zy: Set own game mode to Survival Mode]
[07:54:07] [Server thread/INFO]: [Flo4zy: Set own game mode to Creative Mode]
[07:54:14] [Server thread/INFO]: [Flo4zy: Set own game mode to Survival Mode]
[07:55:26] [Server thread/INFO]: ThomasitoPro has made the advancement [Ice Bucket Challenge]
[07:56:29] [Server thread/INFO]: <Flo4zy> wwwwwwwwwwwwwwwwwwwwwwwwwww
[07:56:33] [Server thread/INFO]: <ThomasitoPro> WWWWWWWWWWWWWW
[07:56:54] [Server thread/INFO]: Flo4zy has made the advancement [Ice Bucket Challenge]
[08:00:55] [Server thread/INFO]: Flo4zy has made the advancement [We Need to Go Deeper]
[08:00:57] [Server thread/INFO]: ThomasitoPro has made the advancement [We Need to Go Deeper]
[08:05:16] [Server thread/INFO]: ThomasitoPro has made the advancement [Not Today, Thank You]
[08:10:29] [Server thread/INFO]: ThomasitoPro fell from a high place
[08:10:50] [Server thread/INFO]: [Flo4zy: Set own game mode to Spectator Mode]
[08:11:18] [Server thread/INFO]: [Flo4zy: Set own game mode to Survival Mode]
[08:11:36] [Server thread/INFO]: Flo4zy has made the advancement [Hot Stuff]
[08:12:33] [Server thread/INFO]: [Flo4zy: Set own game mode to Spectator Mode]
[08:12:56] [Server thread/INFO]: [Flo4zy: Set own game mode to Survival Mode]
[08:16:43] [Server thread/INFO]: [Flo4zy: Set own game mode to Spectator Mode]
[08:16:51] [Server thread/INFO]: Flo4zy has completed the challenge [Hot Tourist Destinations]
[08:18:03] [Server thread/INFO]: [Flo4zy: Set own game mode to Survival Mode]
[08:19:51] [Server thread/INFO]: [Flo4zy: Set own game mode to Spectator Mode]
[08:19:54] [Server thread/INFO]: [Flo4zy: Set own game mode to Survival Mode]
[08:20:00] [Server thread/INFO]: Flo4zy lost connection: Disconnected
[08:20:00] [Server thread/INFO]: Flo4zy left the game
[08:20:03] [Server thread/INFO]: Flo4zy[/100.77.180.95:59989] logged in with entity id 17982 at (-234.61633678876058, 81.0, 815.404008924485)
[08:20:03] [Server thread/INFO]: Flo4zy joined the game
[08:21:19] [Server thread/INFO]: Flo4zy has made the advancement [A Terrible Fortress]
[08:21:23] [Server thread/INFO]: Flo4zy has made the advancement [Into Fire]
[08:21:44] [Server thread/INFO]: [Flo4zy: Set own game mode to Spectator Mode]
[08:21:47] [Server thread/INFO]: [Flo4zy: Set own game mode to Creative Mode]
[08:23:06] [Server thread/INFO]: <ThomasitoPro> -210 5
[08:23:56] [Server thread/INFO]: [Flo4zy: Set own game mode to Spectator Mode]
[08:24:18] [Server thread/INFO]: [Flo4zy: Set own game mode to Creative Mode]
[08:24:20] [Server thread/INFO]: [Flo4zy: Set own game mode to Spectator Mode]
[08:24:20] [Server thread/INFO]: [Flo4zy: Set own game mode to Survival Mode]
[08:24:52] [Server thread/INFO]: [Flo4zy: Set own game mode to Spectator Mode]
[08:24:57] [Server thread/INFO]: [Flo4zy: Set own game mode to Survival Mode]
[08:30:36] [Server thread/INFO]: ThomasitoPro has completed the challenge [Return to Sender]
[08:31:56] [Server thread/INFO]: Flo4zy has made the advancement [Stay Hydrated!]
[08:32:01] [Server thread/INFO]: ThomasitoPro has made the advancement [Into Fire]
[08:32:09] [Server thread/INFO]: ThomasitoPro has made the advancement [Stay Hydrated!]
[08:35:26] [Server thread/INFO]: Flo4zy fell from a high place
[08:36:00] [Server thread/INFO]: [Flo4zy: Set own game mode to Spectator Mode]
[08:36:14] [Server thread/INFO]: [Flo4zy: Set own game mode to Survival Mode]
[08:42:23] [Server thread/INFO]: <Flo4zy> wwwwwwwwwwwwwwwww
[08:42:23] [Server thread/INFO]: <ThomasitoPro> wwwwwwwwwwwwwwwww
[08:50:10] [Server thread/INFO]: Flo4zy has made the advancement [Who is Cutting Onions?]
[08:50:36] [Server thread/INFO]: [Flo4zy: Set own game mode to Creative Mode]
[08:50:49] [Server thread/INFO]: [Flo4zy: Set own game mode to Survival Mode]
[08:52:43] [Server thread/INFO]: Flo4zy has made the advancement [Eye Spy]
[08:52:43] [Server thread/INFO]: ThomasitoPro has made the advancement [Eye Spy]
[08:53:54] [Server thread/INFO]: <ThomasitoPro> wwwwwwwwwwwwwwwwwww
[08:53:57] [Server thread/INFO]: <Flo4zy> wwwwwwwwwwww
[08:55:35] [Server thread/INFO]: ThomasitoPro has made the advancement [The End?]
[08:55:36] [Server thread/INFO]: Scanning for legacy world dragon fight...
[08:55:36] [Server thread/INFO]: Found that the dragon has not yet been killed in this world.
[08:55:39] [Server thread/INFO]: Flo4zy has made the advancement [The End?]
[08:58:27] [Server thread/INFO]: ThomasitoPro was doomed to fall by Ender Dragon
[09:01:06] [Server thread/INFO]: [Flo4zy: Applied enchantment Sharpness V to Flo4zy's item]
[09:01:22] [Server thread/INFO]: ThomasitoPro has made the advancement [Take Aim]
[09:03:06] [Server thread/INFO]: ThomasitoPro lost connection: Disconnected
[09:03:06] [Server thread/INFO]: ThomasitoPro left the game
[09:03:17] [Server thread/INFO]: ThomasitoPro[/100.92.50.41:56448] logged in with entity id 31925 at (4.252783805198007, 63.0, 2.306049084791863)
[09:03:17] [Server thread/INFO]: ThomasitoPro joined the game
[09:04:31] [Server thread/INFO]: [Flo4zy: Set own game mode to Creative Mode]
[09:05:00] [Server thread/INFO]: Flo4zy lost connection: Disconnected
[09:05:00] [Server thread/INFO]: Flo4zy left the game
[09:05:03] [Server thread/INFO]: Flo4zy[/100.77.180.95:53415] logged in with entity id 32074 at (-14.289427964050386, 94.0, -37.2002439222044)
[09:05:03] [Server thread/INFO]: Flo4zy joined the game
[09:07:04] [Server thread/INFO]: [Flo4zy: Applied effect Strength to Flo4zy]
[09:07:14] [Server thread/INFO]: [Flo4zy: Applied effect Strength to ThomasitoPro]
[09:07:35] [Server thread/INFO]: [Flo4zy: Applied effect Absorption to ThomasitoPro]
[09:07:57] [Server thread/INFO]: [Flo4zy: Applied effect Regeneration to ThomasitoPro]
[09:08:15] [Server thread/INFO]: [Flo4zy: Applied enchantment Wind Burst III to Flo4zy's item]
[09:08:20] [Server thread/INFO]: [Flo4zy: Applied enchantment Breach IV to Flo4zy's item]
[09:08:40] [Server thread/INFO]: [Flo4zy: Set ThomasitoPro's game mode to Creative Mode]
[09:08:44] [Server thread/INFO]: ThomasitoPro has made the advancement [Free the End]
[09:08:50] [Server thread/INFO]: Flo4zy has completed the challenge [Over-Overkill]
[09:09:06] [Server thread/INFO]: ThomasitoPro has completed the challenge [Over-Overkill]
[09:09:17] [Server thread/INFO]: ThomasitoPro has made the advancement [Who is Cutting Onions?]
[09:09:17] [Server thread/INFO]: ThomasitoPro has made the advancement [You've Got a Friend in Me]
[09:09:17] [Server thread/INFO]: ThomasitoPro has completed the challenge [With Our Powers Combined!]
[09:09:17] [Server thread/INFO]: ThomasitoPro has made the advancement [Country Lode, Take Me Home]
[09:09:17] [Server thread/INFO]: ThomasitoPro has completed the challenge [Smithing with Style]
[09:09:17] [Server thread/INFO]: ThomasitoPro has made the advancement [Minecraft: Trial(s) Edition]
[09:09:17] [Server thread/INFO]: ThomasitoPro has made the advancement [Glow and Behold!]
[09:09:17] [Server thread/INFO]: ThomasitoPro has made the advancement [Bring Home the Beacon]
[09:09:17] [Server thread/INFO]: ThomasitoPro has made the advancement [When the Squad Hops into Town]
[09:09:17] [Server thread/INFO]: ThomasitoPro has completed the challenge [The Whole Pack]
[09:09:17] [Server thread/INFO]: ThomasitoPro has made the advancement [Local Brewery]
[09:09:17] [Server thread/INFO]: ThomasitoPro has reached the goal [The Next Generation]
[09:09:17] [Server thread/INFO]: ThomasitoPro has made the advancement [Fishy Business]
[09:09:17] [Server thread/INFO]: ThomasitoPro has completed the challenge [Hot Tourist Destinations]
[09:09:17] [Server thread/INFO]: ThomasitoPro has made the advancement [This Boat Has Legs]
[09:09:17] [Server thread/INFO]: ThomasitoPro has completed the challenge [Great View From Up Here]
[09:09:17] [Server thread/INFO]: ThomasitoPro has completed the challenge [How Did We Get Here?]
[09:09:17] [Server thread/INFO]: ThomasitoPro has completed the challenge [Bullseye]
[09:09:17] [Server thread/INFO]: ThomasitoPro has completed the challenge [Two Birds, One Arrow]
[09:09:17] [Server thread/INFO]: ThomasitoPro has made the advancement [Who's the Pillager Now?]
[09:09:17] [Server thread/INFO]: ThomasitoPro has made the advancement [Total Beelocation]
[09:09:17] [Server thread/INFO]: ThomasitoPro has completed the challenge [Arbalistic]
[09:09:17] [Server thread/INFO]: ThomasitoPro has made the advancement [Under Lock and Key]
[09:09:17] [Server thread/INFO]: ThomasitoPro has made the advancement [Not Quite "Nine" Lives]
[09:09:17] [Server thread/INFO]: ThomasitoPro has reached the goal [Revaulting]
[09:09:17] [Server thread/INFO]: ThomasitoPro has made the advancement [Bukkit Bukkit]
[09:09:17] [Server thread/INFO]: ThomasitoPro has made the advancement [Wax Off]
[09:09:17] [Server thread/INFO]: ThomasitoPro has reached the goal [Hired Help]
[09:09:17] [Server thread/INFO]: ThomasitoPro has reached the goal [You Need a Mint]
[09:09:17] [Server thread/INFO]: ThomasitoPro has completed the challenge [Monsters Hunted]
[09:09:17] [Server thread/INFO]: ThomasitoPro has made the advancement [Enchanter]
[09:09:17] [Server thread/INFO]: ThomasitoPro has made the advancement [Voluntary Exile]
[09:09:17] [Server thread/INFO]: ThomasitoPro has made the advancement [Is It a Bird?]
[09:09:17] [Server thread/INFO]: ThomasitoPro has reached the goal [Postmortal]
[09:09:17] [Server thread/INFO]: ThomasitoPro has made the advancement [Birthday Song]
[09:09:17] [Server thread/INFO]: ThomasitoPro has made the advancement [Is It a Plane?]
[09:09:17] [Server thread/INFO]: ThomasitoPro has made the advancement [Star Trader]
[09:09:17] [Server thread/INFO]: ThomasitoPro has reached the goal [Mob Kabob]
[09:09:17] [Server thread/INFO]: ThomasitoPro has made the advancement [Wax On]
[09:09:17] [Server thread/INFO]: ThomasitoPro has made the advancement [Sound of Music]
[09:09:17] [Server thread/INFO]: ThomasitoPro has completed the challenge [Hero of the Village]
[09:09:17] [Server thread/INFO]: ThomasitoPro has made the advancement [Hidden in the Depths]
[09:09:17] [Server thread/INFO]: ThomasitoPro has reached the goal [Beaconator]
[09:09:17] [Server thread/INFO]: ThomasitoPro has made the advancement [Bee Our Guest]
[09:09:17] [Server thread/INFO]: ThomasitoPro has made the advancement [What a Deal!]
[09:09:17] [Server thread/INFO]: ThomasitoPro has made the advancement [Is It a Balloon?]
[09:09:17] [Server thread/INFO]: ThomasitoPro has made the advancement [Crafting a New Look]
[09:09:17] [Server thread/INFO]: ThomasitoPro has completed the challenge [Uneasy Alliance]
[09:09:17] [Server thread/INFO]: ThomasitoPro has made the advancement [The Healing Power of Friendship!]
[09:09:17] [Server thread/INFO]: ThomasitoPro has made the advancement [A Throwaway Joke]
[09:09:17] [Server thread/INFO]: ThomasitoPro has made the advancement [Sticky Situation]
[09:09:17] [Server thread/INFO]: ThomasitoPro has made the advancement [Ol' Betsy]
[09:09:17] [Server thread/INFO]: ThomasitoPro has completed the challenge [Cover Me in Debris]
[09:09:17] [Server thread/INFO]: ThomasitoPro has made the advancement [The Parrots and the Bats]
[09:09:17] [Server thread/INFO]: ThomasitoPro has completed the challenge [Blowback]
[09:09:17] [Server thread/INFO]: ThomasitoPro has completed the challenge [A Complete Catalogue]
[09:09:17] [Server thread/INFO]: ThomasitoPro has made the advancement [Oh Shiny]
[09:09:17] [Server thread/INFO]: ThomasitoPro has made the advancement [Good as New]
[09:09:17] [Server thread/INFO]: ThomasitoPro has made the advancement [Very Very Frightening]
[09:09:17] [Server thread/INFO]: ThomasitoPro has made the advancement [Whatever Floats Your Goat!]
[09:09:17] [Server thread/INFO]: ThomasitoPro has made the advancement [Surge Protector]
[09:09:17] [Server thread/INFO]: ThomasitoPro has completed the challenge [A Furious Cocktail]
[09:09:17] [Server thread/INFO]: ThomasitoPro has made the advancement [Best Friends Forever]
[09:09:17] [Server thread/INFO]: ThomasitoPro has made the advancement [Careful Restoration]
[09:09:17] [Server thread/INFO]: ThomasitoPro has completed the challenge [It Spreads]
[09:09:17] [Server thread/INFO]: ThomasitoPro has made the advancement [Caves & Cliffs]
[09:09:17] [Server thread/INFO]: ThomasitoPro has made the advancement [Shear Brilliance]
[09:09:17] [Server thread/INFO]: ThomasitoPro has completed the challenge [Sniper Duel]
[09:09:17] [Server thread/INFO]: ThomasitoPro has made the advancement [Spooky Scary Skeleton]
[09:09:17] [Server thread/INFO]: ThomasitoPro has completed the challenge [Two by Two]
[09:09:17] [Server thread/INFO]: ThomasitoPro has made the advancement [Light as a Rabbit]
[09:09:17] [Server thread/INFO]: ThomasitoPro has made the advancement [Tactical Fishing]
[09:09:17] [Server thread/INFO]: ThomasitoPro has made the advancement [Respecting the Remnants]
[09:09:17] [Server thread/INFO]: ThomasitoPro has reached the goal [Zombie Doctor]
[09:09:17] [Server thread/INFO]: ThomasitoPro has made the advancement [Little Sniffs]
[09:09:17] [Server thread/INFO]: ThomasitoPro has made the advancement [The City at the End of the Game]
[09:09:17] [Server thread/INFO]: ThomasitoPro has made the advancement [Remote Getaway]
[09:09:17] [Server thread/INFO]: ThomasitoPro has made the advancement [War Pigs]
[09:09:17] [Server thread/INFO]: ThomasitoPro has made the advancement [Lighten Up]
[09:09:17] [Server thread/INFO]: ThomasitoPro has reached the goal [The End... Again...]
[09:09:17] [Server thread/INFO]: ThomasitoPro has reached the goal [Sky's the Limit]
[09:09:17] [Server thread/INFO]: ThomasitoPro has made the advancement [Sneak 100]
[09:09:17] [Server thread/INFO]: ThomasitoPro has made the advancement [Heart Transplanter]
[09:09:17] [Server thread/INFO]: ThomasitoPro has made the advancement [Smells Interesting]
[09:09:17] [Server thread/INFO]: ThomasitoPro has completed the challenge [Serious Dedication]
[09:09:17] [Server thread/INFO]: ThomasitoPro has made the advancement [Isn't It Scute?]
[09:09:17] [Server thread/INFO]: ThomasitoPro has made the advancement [Planting the Past]
[09:09:17] [Server thread/INFO]: ThomasitoPro has completed the challenge [Adventuring Time]
[09:09:17] [Server thread/INFO]: ThomasitoPro has made the advancement [A Seedy Place]
[09:09:17] [Server thread/INFO]: ThomasitoPro has made the advancement [Those Were the Days]
[09:09:17] [Server thread/INFO]: ThomasitoPro has made the advancement [The Cutest Predator]
[09:09:17] [Server thread/INFO]: ThomasitoPro has made the advancement [Feels Like Home]
[09:09:17] [Server thread/INFO]: ThomasitoPro has made the advancement [Withering Heights]
[09:09:17] [Server thread/INFO]: ThomasitoPro has completed the challenge [A Balanced Diet]
[09:09:17] [Server thread/INFO]: ThomasitoPro has completed the challenge [Subspace Bubble]
[09:09:17] [Server thread/INFO]: ThomasitoPro has made the advancement [The Power of Books]
[09:09:17] [Server thread/INFO]: ThomasitoPro has made the advancement [A Terrible Fortress]
[09:09:17] [Server thread/INFO]: ThomasitoPro has made the advancement [Crafters Crafting Crafters]
[09:09:17] [Server thread/INFO]: ThomasitoPro has made the advancement [Who Needs Rockets?]
[09:09:17] [Server thread/INFO]: [Flo4zy: Granted 1617 advancements to ThomasitoPro]
[09:09:23] [Server thread/INFO]: Flo4zy has made the advancement [You've Got a Friend in Me]
[09:09:23] [Server thread/INFO]: Flo4zy has completed the challenge [With Our Powers Combined!]
[09:09:23] [Server thread/INFO]: Flo4zy has made the advancement [Country Lode, Take Me Home]
[09:09:23] [Server thread/INFO]: Flo4zy has completed the challenge [Smithing with Style]
[09:09:23] [Server thread/INFO]: Flo4zy has made the advancement [Minecraft: Trial(s) Edition]
[09:09:23] [Server thread/INFO]: Flo4zy has made the advancement [Free the End]
[09:09:23] [Server thread/INFO]: Flo4zy has made the advancement [Glow and Behold!]
[09:09:23] [Server thread/INFO]: Flo4zy has made the advancement [Bring Home the Beacon]
[09:09:23] [Server thread/INFO]: Flo4zy has made the advancement [When the Squad Hops into Town]
[09:09:23] [Server thread/INFO]: Flo4zy has completed the challenge [The Whole Pack]
[09:09:23] [Server thread/INFO]: Flo4zy has made the advancement [Local Brewery]
[09:09:23] [Server thread/INFO]: Flo4zy has reached the goal [The Next Generation]
[09:09:23] [Server thread/INFO]: Flo4zy has made the advancement [Fishy Business]
[09:09:23] [Server thread/INFO]: Flo4zy has made the advancement [This Boat Has Legs]
[09:09:23] [Server thread/INFO]: Flo4zy has completed the challenge [Great View From Up Here]
[09:09:23] [Server thread/INFO]: Flo4zy has completed the challenge [How Did We Get Here?]
[09:09:23] [Server thread/INFO]: Flo4zy has completed the challenge [Bullseye]
[09:09:23] [Server thread/INFO]: Flo4zy has completed the challenge [Two Birds, One Arrow]
[09:09:23] [Server thread/INFO]: Flo4zy has made the advancement [Who's the Pillager Now?]
[09:09:23] [Server thread/INFO]: Flo4zy has made the advancement [Take Aim]
[09:09:23] [Server thread/INFO]: Flo4zy has made the advancement [Total Beelocation]
[09:09:23] [Server thread/INFO]: Flo4zy has completed the challenge [Arbalistic]
[09:09:23] [Server thread/INFO]: Flo4zy has made the advancement [Under Lock and Key]
[09:09:23] [Server thread/INFO]: Flo4zy has made the advancement [Not Quite "Nine" Lives]
[09:09:23] [Server thread/INFO]: Flo4zy has reached the goal [Revaulting]
[09:09:23] [Server thread/INFO]: Flo4zy has made the advancement [Bukkit Bukkit]
[09:09:23] [Server thread/INFO]: Flo4zy has made the advancement [Wax Off]
[09:09:23] [Server thread/INFO]: Flo4zy has reached the goal [Hired Help]
[09:09:23] [Server thread/INFO]: Flo4zy has reached the goal [You Need a Mint]
[09:09:23] [Server thread/INFO]: Flo4zy has completed the challenge [Monsters Hunted]
[09:09:23] [Server thread/INFO]: Flo4zy has made the advancement [Enchanter]
[09:09:23] [Server thread/INFO]: Flo4zy has made the advancement [Voluntary Exile]
[09:09:23] [Server thread/INFO]: Flo4zy has made the advancement [Is It a Bird?]
[09:09:23] [Server thread/INFO]: Flo4zy has reached the goal [Postmortal]
[09:09:23] [Server thread/INFO]: Flo4zy has made the advancement [Birthday Song]
[09:09:23] [Server thread/INFO]: Flo4zy has made the advancement [Is It a Plane?]
[09:09:23] [Server thread/INFO]: Flo4zy has made the advancement [Star Trader]
[09:09:23] [Server thread/INFO]: Flo4zy has reached the goal [Mob Kabob]
[09:09:23] [Server thread/INFO]: Flo4zy has made the advancement [Wax On]
[09:09:23] [Server thread/INFO]: Flo4zy has made the advancement [Sound of Music]
[09:09:23] [Server thread/INFO]: Flo4zy has completed the challenge [Hero of the Village]
[09:09:23] [Server thread/INFO]: Flo4zy has made the advancement [Hidden in the Depths]
[09:09:23] [Server thread/INFO]: Flo4zy has reached the goal [Beaconator]
[09:09:23] [Server thread/INFO]: Flo4zy has made the advancement [Bee Our Guest]
[09:09:23] [Server thread/INFO]: Flo4zy has made the advancement [What a Deal!]
[09:09:23] [Server thread/INFO]: Flo4zy has made the advancement [Is It a Balloon?]
[09:09:23] [Server thread/INFO]: Flo4zy has made the advancement [Crafting a New Look]
[09:09:23] [Server thread/INFO]: Flo4zy has completed the challenge [Uneasy Alliance]
[09:09:23] [Server thread/INFO]: Flo4zy has made the advancement [The Healing Power of Friendship!]
[09:09:23] [Server thread/INFO]: Flo4zy has made the advancement [A Throwaway Joke]
[09:09:23] [Server thread/INFO]: Flo4zy has made the advancement [Sticky Situation]
[09:09:23] [Server thread/INFO]: Flo4zy has made the advancement [Ol' Betsy]
[09:09:23] [Server thread/INFO]: Flo4zy has completed the challenge [Cover Me in Debris]
[09:09:23] [Server thread/INFO]: Flo4zy has made the advancement [The Parrots and the Bats]
[09:09:23] [Server thread/INFO]: Flo4zy has completed the challenge [Blowback]
[09:09:23] [Server thread/INFO]: Flo4zy has completed the challenge [A Complete Catalogue]
[09:09:23] [Server thread/INFO]: Flo4zy has made the advancement [Oh Shiny]
[09:09:23] [Server thread/INFO]: Flo4zy has made the advancement [Good as New]
[09:09:23] [Server thread/INFO]: Flo4zy has made the advancement [Very Very Frightening]
[09:09:23] [Server thread/INFO]: Flo4zy has made the advancement [Whatever Floats Your Goat!]
[09:09:23] [Server thread/INFO]: Flo4zy has made the advancement [Surge Protector]
[09:09:23] [Server thread/INFO]: Flo4zy has completed the challenge [A Furious Cocktail]
[09:09:23] [Server thread/INFO]: Flo4zy has made the advancement [Best Friends Forever]
[09:09:23] [Server thread/INFO]: Flo4zy has made the advancement [Careful Restoration]
[09:09:23] [Server thread/INFO]: Flo4zy has completed the challenge [It Spreads]
[09:09:23] [Server thread/INFO]: Flo4zy has made the advancement [Caves & Cliffs]
[09:09:23] [Server thread/INFO]: Flo4zy has made the advancement [Shear Brilliance]
[09:09:23] [Server thread/INFO]: Flo4zy has completed the challenge [Sniper Duel]
[09:09:23] [Server thread/INFO]: Flo4zy has made the advancement [Spooky Scary Skeleton]
[09:09:23] [Server thread/INFO]: Flo4zy has completed the challenge [Two by Two]
[09:09:23] [Server thread/INFO]: Flo4zy has made the advancement [Light as a Rabbit]
[09:09:23] [Server thread/INFO]: Flo4zy has made the advancement [Tactical Fishing]
[09:09:23] [Server thread/INFO]: Flo4zy has made the advancement [Respecting the Remnants]
[09:09:23] [Server thread/INFO]: Flo4zy has reached the goal [Zombie Doctor]
[09:09:23] [Server thread/INFO]: Flo4zy has made the advancement [Little Sniffs]
[09:09:23] [Server thread/INFO]: Flo4zy has made the advancement [The City at the End of the Game]
[09:09:23] [Server thread/INFO]: Flo4zy has made the advancement [Remote Getaway]
[09:09:23] [Server thread/INFO]: Flo4zy has made the advancement [War Pigs]
[09:09:23] [Server thread/INFO]: Flo4zy has made the advancement [Lighten Up]
[09:09:23] [Server thread/INFO]: Flo4zy has reached the goal [The End... Again...]
[09:09:23] [Server thread/INFO]: Flo4zy has reached the goal [Sky's the Limit]
[09:09:23] [Server thread/INFO]: Flo4zy has made the advancement [Sneak 100]
[09:09:23] [Server thread/INFO]: Flo4zy has completed the challenge [Return to Sender]
[09:09:23] [Server thread/INFO]: Flo4zy has made the advancement [Heart Transplanter]
[09:09:23] [Server thread/INFO]: Flo4zy has made the advancement [Smells Interesting]
[09:09:23] [Server thread/INFO]: Flo4zy has completed the challenge [Serious Dedication]
[09:09:23] [Server thread/INFO]: Flo4zy has made the advancement [Isn't It Scute?]
[09:09:23] [Server thread/INFO]: Flo4zy has made the advancement [Planting the Past]
[09:09:23] [Server thread/INFO]: Flo4zy has completed the challenge [Adventuring Time]
[09:09:23] [Server thread/INFO]: Flo4zy has made the advancement [A Seedy Place]
[09:09:23] [Server thread/INFO]: Flo4zy has made the advancement [Those Were the Days]
[09:09:23] [Server thread/INFO]: Flo4zy has made the advancement [The Cutest Predator]
[09:09:23] [Server thread/INFO]: Flo4zy has made the advancement [Feels Like Home]
[09:09:23] [Server thread/INFO]: Flo4zy has made the advancement [Withering Heights]
[09:09:23] [Server thread/INFO]: Flo4zy has completed the challenge [A Balanced Diet]
[09:09:23] [Server thread/INFO]: Flo4zy has completed the challenge [Subspace Bubble]
[09:09:23] [Server thread/INFO]: Flo4zy has made the advancement [The Power of Books]
[09:09:23] [Server thread/INFO]: Flo4zy has made the advancement [Crafters Crafting Crafters]
[09:09:23] [Server thread/INFO]: Flo4zy has made the advancement [Who Needs Rockets?]
[09:09:23] [Server thread/INFO]: [Flo4zy: Granted 1617 advancements to Flo4zy]
[09:09:38] [Server thread/INFO]: [Flo4zy: Set ThomasitoPro's game mode to Survival Mode]
[09:09:44] [Server thread/INFO]: [Flo4zy: Set own game mode to Survival Mode]
[09:09:47] [Server thread/INFO]: Flo4zy was slain by ThomasitoPro
[09:09:56] [Server thread/INFO]: ThomasitoPro lost connection: Disconnected
[09:09:56] [Server thread/INFO]: ThomasitoPro left the game
[09:09:58] [Server thread/INFO]: [Flo4zy: Set own game mode to Creative Mode]
[09:10:01] [Server thread/INFO]: Flo4zy lost connection: Disconnected
[09:10:01] [Server thread/INFO]: Flo4zy left the game
